****************************************
Report : constraint
        -all_violators
Design : ORCA_TOP
Version: V-2023.12
Date   : Sat May 30 14:26:38 2026
****************************************

   late_timing
   -----------

Information: Timer using 'SI, Timing Window Analysis, CRPR'. (TIM-050)
Endpoint                         Path Delay     Path Required       CRP    Slack Group    Scenario
----------------------------------------------------------------------------------------------------------
I_PCI_TOP/I_PCI_CORE_mega_shift_reg_6__17_/D (SDFFARX1_RVT)   6.79 f   6.78   0.00  -0.00 PCI_CLK func_worst
I_PCI_TOP/I_PCI_CORE_mega_shift_reg_3__22_/D (SDFFARX1_RVT)   6.78 f   6.77   0.00  -0.00 PCI_CLK func_worst
I_RISC_CORE/I_PRGRM_CNT_TOP_I_PRGRM_CNT_PCint_reg_1_/D (SDFFARX1_LVT)   2.78 r   2.09   0.00  -0.68 SYS_2x_CLK func_worst
I_RISC_CORE/I_ALU_Lachd_Result_reg_0_/D (SDFFX1_RVT)   2.44 f   1.79   0.00  -0.66 SYS_2x_CLK func_worst
I_RISC_CORE/R_31/D (SDFFARX1_LVT)   2.61 f        1.98           0.00    -0.63   SYS_2x_CLK func_worst
I_RISC_CORE/I_PRGRM_CNT_TOP_I_PRGRM_CNT_PCint_reg_3_/D (SDFFARX1_LVT)   2.70 r   2.08   0.00  -0.62 SYS_2x_CLK func_worst
I_RISC_CORE/I_PRGRM_CNT_TOP_I_PRGRM_CNT_PCint_reg_5_/D (SDFFARX1_LVT)   2.70 r   2.10   0.00  -0.60 SYS_2x_CLK func_worst
I_RISC_CORE/I_PRGRM_CNT_TOP_I_PRGRM_CNT_PCint_reg_2_/D (SDFFARX1_LVT)   2.69 r   2.10   0.00  -0.60 SYS_2x_CLK func_worst
I_RISC_CORE/I_PRGRM_CNT_TOP_I_PRGRM_CNT_PCint_reg_6_/D (SDFFARX1_LVT)   2.68 r   2.10   0.00  -0.59 SYS_2x_CLK func_worst
I_RISC_CORE/I_PRGRM_CNT_TOP_I_PRGRM_CNT_PCint_reg_7_/D (SDFFARX1_LVT)   2.68 r   2.10   0.00  -0.59 SYS_2x_CLK func_worst
I_RISC_CORE/I_PRGRM_CNT_TOP_I_PRGRM_CNT_PCint_reg_4_/D (SDFFARX1_LVT)   2.68 r   2.10   0.00  -0.58 SYS_2x_CLK func_worst
I_RISC_CORE/I_PRGRM_CNT_TOP_I_PRGRM_CNT_PCint_reg_0_/D (SDFFARX1_LVT)   2.66 r   2.09   0.00  -0.57 SYS_2x_CLK func_worst
I_RISC_CORE/R_30/D (SDFFASX1_LVT)   2.52 f        1.98           0.00    -0.54   SYS_2x_CLK func_worst
I_RISC_CORE/I_ALU_Lachd_Result_reg_12_/D (SDFFX1_RVT)   2.31 f   1.79   0.00  -0.52 SYS_2x_CLK func_worst
I_RISC_CORE/R_34/D (SDFFX1_LVT)    2.61 r         2.14           0.00    -0.47   SYS_2x_CLK func_worst
I_RISC_CORE/I_STACK_TOP_I_STACK_FSM_TOS_int_reg_2_/D (SDFFARX1_LVT)   2.56 r   2.10   0.00  -0.46 SYS_2x_CLK func_worst
I_RISC_CORE/I_STACK_TOP_I_STACK_FSM_TOS_int_reg_0_/D (SDFFARX1_LVT)   2.41 f   1.97   0.00  -0.44 SYS_2x_CLK func_worst
I_RISC_CORE/I_STACK_TOP_I_STACK_FSM_Crnt_Stack_reg_0_/D (SDFFARX1_LVT)   2.40 f   1.98   0.00  -0.41 SYS_2x_CLK func_worst
I_RISC_CORE/I_STACK_TOP_I_STACK_FSM_TOS_int_reg_1_/D (SDFFARX2_LVT)   2.37 f   1.96   0.00  -0.41 SYS_2x_CLK func_worst
I_RISC_CORE/I_ALU_Lachd_Result_reg_15_/D (SDFFX1_LVT)   2.46 f   2.07   0.00  -0.40 SYS_2x_CLK func_worst
I_RISC_CORE/I_ALU_Lachd_Result_reg_13_/D (SDFFX2_LVT)   2.35 f   1.99   0.00  -0.36 SYS_2x_CLK func_worst
I_RISC_CORE/I_ALU_Lachd_Result_reg_5_/D (SDFFX1_LVT)   2.41 f   2.07   0.00  -0.34 SYS_2x_CLK func_worst
I_RISC_CORE/I_STACK_TOP_I2_STACK_MEM_clk_gate_Stack_Mem_reg_0_/latch/EN (CGLPPRX8_LVT)   2.20 r   1.86   0.00  -0.34 SYS_2x_CLK func_worst
I_RISC_CORE/I_STACK_TOP_I2_STACK_MEM_clk_gate_Stack_Mem_reg_1_/latch/EN (CGLPPRX8_LVT)   2.20 r   1.86   0.00  -0.33 SYS_2x_CLK func_worst
I_RISC_CORE/I_STACK_TOP_I2_STACK_MEM_clk_gate_Stack_Mem_reg_4_/latch/EN (CGLPPRX8_LVT)   2.20 r   1.87   0.00  -0.32 SYS_2x_CLK func_worst
I_RISC_CORE/I_STACK_TOP_I2_STACK_MEM_clk_gate_Stack_Mem_reg_3_/latch/EN (CGLPPRX8_LVT)   2.19 r   1.87   0.00  -0.32 SYS_2x_CLK func_worst
I_RISC_CORE/I_STACK_TOP_I2_STACK_MEM_clk_gate_Stack_Mem_reg_5_/latch/EN (CGLPPRX8_LVT)   2.19 r   1.87   0.00  -0.32 SYS_2x_CLK func_worst
I_RISC_CORE/I_STACK_TOP_I2_STACK_MEM_clk_gate_Stack_Mem_reg_2_/latch/EN (CGLPPRX8_LVT)   2.18 r   1.87   0.00  -0.31 SYS_2x_CLK func_worst
I_RISC_CORE/I_STACK_TOP_I2_STACK_MEM_clk_gate_Stack_Mem_reg_7_/latch/EN (CGLPPRX8_LVT)   2.16 r   1.87   0.00  -0.29 SYS_2x_CLK func_worst
I_RISC_CORE/I_STACK_TOP_I_STACK_FSM_clk_gate_TOS_int_reg/latch/EN (CGLPPRX2_LVT)   2.21 r   1.94   0.00  -0.26 SYS_2x_CLK func_worst
I_RISC_CORE/I_STACK_TOP_I_STACK_FSM_Crnt_Stack_reg_1_/D (SDFFARX1_LVT)   2.36 r   2.09   0.00  -0.26 SYS_2x_CLK func_worst
I_RISC_CORE/I_ALU_Lachd_Result_reg_10_/D (SDFFX1_LVT)   2.29 f   2.07   0.00  -0.22 SYS_2x_CLK func_worst
I_RISC_CORE/I_STACK_TOP_I2_STACK_MEM_clk_gate_Stack_Mem_reg_6_/latch/EN (CGLPPRX8_LVT)   2.08 r   1.87   0.00  -0.21 SYS_2x_CLK func_worst
I_RISC_CORE/I_ALU_Lachd_Result_reg_8_/D (SDFFX2_LVT)   2.16 f   2.00   0.00  -0.17 SYS_2x_CLK func_worst
I_RISC_CORE/I_ALU_Lachd_Result_reg_9_/D (SDFFX1_LVT)   2.18 f   2.07   0.00  -0.11 SYS_2x_CLK func_worst
I_RISC_CORE/I_ALU_Lachd_Result_reg_11_/D (SDFFX1_LVT)   2.11 f   2.07   0.00  -0.04 SYS_2x_CLK func_worst
I_RISC_CORE/I_ALU_Lachd_Result_reg_7_/D (SDFFX1_LVT)   2.11 f   2.07   0.00  -0.03 SYS_2x_CLK func_worst

   early_timing
   -----------

Warning: Scenario func_worst is not configured for hold analysis: skipping. (UIC-058)
Error: None of the specified scenarios are active for hold analysis. (UIC-057)
Information: Timer using 'SI, Timing Window Analysis, CRPR'. (TIM-050)
Endpoint                         Path Delay     Path Required       CRP    Slack Group    Scenario
----------------------------------------------------------------------------------------------------------
No paths.

   Mode: func Corner: Cmax
   Scenario: func_worst
   max_transition                                                              
                             Required        Actual                            
   Net                      Transition     Transition        Slack  Violation  
  ---------------------------------------------------------------------------
   I_RISC_CORE/n168             0.20           0.28          -0.08  (VIOLATED) 
     PIN : I_RISC_CORE/I_STACK_TOP_I_STACK_FSM_TOS_int_reg_0_/QN     0.20     0.28    -0.08 (VIOLATED)

   I_RISC_CORE/Oprnd_B[7]       0.17           0.17          -0.00  (VIOLATED) 
     PIN : I_RISC_CORE/I_DATA_PATH_Oprnd_B_reg_7_/Q     0.17     0.17    -0.00 (VIOLATED)

   pad_out[9]                   0.35           0.35          -0.00  (VIOLATED) 
     PIN : ZBUF_386_f_inst_8058/Y     0.35     0.35          -0.00  (VIOLATED) 

  ---------------------------------------------------------------------------
   Number of max_transition violation(s): 3

   Mode: func Corner: Cmax
   Scenario: func_worst
   max_capacitance                                                             
                             Required        Actual                            
   Net                      Capacitance    Capacitance       Slack  Violation  
  ---------------------------------------------------------------------------
   sd_DQ_en[0]                 82.00         163.75         -81.75  (VIOLATED) 
     PIN : ZINV_69_f_inst_8054/Y    82.00    163.75         -81.75  (VIOLATED) 

   sd_DQ_en[2]                 82.00         163.73         -81.73  (VIOLATED) 
     PIN : ZINV_69_f_inst_6845/Y    82.00    163.73         -81.73  (VIOLATED) 

   net_pci_sys_read_data[27]    25.00         53.51         -28.51  (VIOLATED) 
     PIN : I_PCI_TOP/I_PCI_READ_FIFO_PCI_FIFO_RAM_7/O2[3]    25.00    53.51   -28.51 (VIOLATED)

   net_pci_sys_read_data[19]    25.00         49.64         -24.64  (VIOLATED) 
     PIN : I_PCI_TOP/I_PCI_READ_FIFO_PCI_FIFO_RAM_5/O2[3]    25.00    49.64   -24.64 (VIOLATED)

   net_pci_sys_read_data[16]    25.00         49.32         -24.32  (VIOLATED) 
     PIN : I_PCI_TOP/I_PCI_READ_FIFO_PCI_FIFO_RAM_5/O2[0]    25.00    49.32   -24.32 (VIOLATED)

   net_pci_sys_read_data[29]    25.00         48.52         -23.52  (VIOLATED) 
     PIN : I_PCI_TOP/I_PCI_READ_FIFO_PCI_FIFO_RAM_8/O2[1]    25.00    48.52   -23.52 (VIOLATED)

   pad_out[28]                 82.00         103.95         -21.95  (VIOLATED) 
     PIN : ZINV_1024_f_inst_7286/Y    82.00   103.95        -21.95  (VIOLATED) 

   pad_out[10]                 82.00         103.84         -21.84  (VIOLATED) 
     PIN : ZINV_401_f_inst_8056/Y    82.00   103.84         -21.84  (VIOLATED) 

   pad_out[24]                 82.00         103.27         -21.27  (VIOLATED) 
     PIN : ZINV_758_f_inst_7295/Y    82.00   103.27         -21.27  (VIOLATED) 

   net_pci_sys_read_data[17]    25.00         46.21         -21.21  (VIOLATED) 
     PIN : I_PCI_TOP/I_PCI_READ_FIFO_PCI_FIFO_RAM_5/O2[1]    25.00    46.21   -21.21 (VIOLATED)

   pad_out[2]                  82.00         102.99         -20.99  (VIOLATED) 
     PIN : ZINV_999_f_inst_7293/Y    82.00   102.99         -20.99  (VIOLATED) 

   pad_out[6]                  82.00         102.88         -20.88  (VIOLATED) 
     PIN : ZINV_1007_f_inst_7291/Y    82.00   102.88        -20.88  (VIOLATED) 

   pad_out[21]                 82.00         102.83         -20.83  (VIOLATED) 
     PIN : ZINV_721_f_inst_8051/Y    82.00   102.83         -20.83  (VIOLATED) 

   pad_out[23]                 82.00         102.71         -20.71  (VIOLATED) 
     PIN : I_PCI_TOP/HFSINV_51_f_336/Y    82.00   102.71    -20.71  (VIOLATED) 

   pad_out[25]                 82.00         102.70         -20.70  (VIOLATED) 
     PIN : ZINV_921_f_inst_8088/Y    82.00   102.70         -20.70  (VIOLATED) 

   pad_out[16]                 82.00         102.50         -20.50  (VIOLATED) 
     PIN : ZINV_419_f_inst_6914/Y    82.00   102.50         -20.50  (VIOLATED) 

   pad_out[12]                 82.00         102.44         -20.44  (VIOLATED) 
     PIN : ZINV_784_f_inst_7282/Y    82.00   102.44         -20.44  (VIOLATED) 

   pad_out[22]                 82.00         102.42         -20.42  (VIOLATED) 
     PIN : ZINV_393_f_inst_6916/Y    82.00   102.42         -20.42  (VIOLATED) 

   pad_out[8]                  82.00         102.39         -20.39  (VIOLATED) 
     PIN : ZINV_754_f_inst_7289/Y    82.00   102.39         -20.39  (VIOLATED) 

   pad_out[4]                  82.00         102.24         -20.24  (VIOLATED) 
     PIN : ZINV_391_f_inst_6920/Y    82.00   102.24         -20.24  (VIOLATED) 

   pad_out[13]                 82.00         102.19         -20.19  (VIOLATED) 
     PIN : ZINV_389_f_inst_6924/Y    82.00   102.19         -20.19  (VIOLATED) 

   net_pci_sys_read_data[23]    25.00         45.16         -20.16  (VIOLATED) 
     PIN : I_PCI_TOP/I_PCI_READ_FIFO_PCI_FIFO_RAM_6/O2[3]    25.00    45.16   -20.16 (VIOLATED)

   pad_out[26]                 82.00         102.14         -20.14  (VIOLATED) 
     PIN : ZINV_393_f_inst_6918/Y    82.00   102.14         -20.14  (VIOLATED) 

   pad_out[19]                 82.00         102.07         -20.07  (VIOLATED) 
     PIN : HFSINV_16_f_326/Y    82.00        102.07         -20.07  (VIOLATED) 

   pad_out[9]                  82.00         102.04         -20.04  (VIOLATED) 
     PIN : ZBUF_386_f_inst_8058/Y    82.00   102.04         -20.04  (VIOLATED) 

   net_pci_sys_read_data[22]    25.00         44.88         -19.88  (VIOLATED) 
     PIN : I_PCI_TOP/I_PCI_READ_FIFO_PCI_FIFO_RAM_6/O2[2]    25.00    44.88   -19.88 (VIOLATED)

   pad_out[17]                 82.00         101.76         -19.76  (VIOLATED) 
     PIN : HFSINV_16_f_322/Y    82.00        101.76         -19.76  (VIOLATED) 

   pad_out[15]                 82.00         101.51         -19.51  (VIOLATED) 
     PIN : ZINV_16_f_inst_6775/Y    82.00    101.51         -19.51  (VIOLATED) 

   pad_out[3]                  82.00         101.46         -19.46  (VIOLATED) 
     PIN : ZINV_9_f_inst_8061/Y    82.00     101.46         -19.46  (VIOLATED) 

   pad_out[11]                 82.00         101.37         -19.37  (VIOLATED) 
     PIN : ZINV_16_f_inst_6871/Y    82.00    101.37         -19.37  (VIOLATED) 

   pad_out[30]                 82.00         101.35         -19.35  (VIOLATED) 
     PIN : ZINV_13_f_inst_6743/Y    82.00    101.35         -19.35  (VIOLATED) 

   pad_out[14]                 82.00         101.35         -19.35  (VIOLATED) 
     PIN : ZINV_13_f_inst_6822/Y    82.00    101.35         -19.35  (VIOLATED) 

   pad_out[29]                 82.00         101.34         -19.34  (VIOLATED) 
     PIN : HFSINV_16_f_348/Y    82.00        101.34         -19.34  (VIOLATED) 

   pad_out[7]                  82.00         101.34         -19.34  (VIOLATED) 
     PIN : ZINV_9_f_inst_8059/Y    82.00     101.34         -19.34  (VIOLATED) 

   pad_out[1]                  82.00         101.33         -19.33  (VIOLATED) 
     PIN : ZINV_9_f_inst_8063/Y    82.00     101.33         -19.33  (VIOLATED) 

   pad_out[31]                 82.00         101.32         -19.32  (VIOLATED) 
     PIN : ZINV_16_f_inst_6777/Y    82.00    101.32         -19.32  (VIOLATED) 

   pad_out[0]                  82.00         101.31         -19.31  (VIOLATED) 
     PIN : ZINV_9_f_inst_6874/Y    82.00     101.31         -19.31  (VIOLATED) 

   pad_out[20]                 82.00         101.29         -19.29  (VIOLATED) 
     PIN : ZINV_13_f_inst_6752/Y    82.00    101.29         -19.29  (VIOLATED) 

   pad_out[18]                 82.00         101.25         -19.25  (VIOLATED) 
     PIN : ZINV_20_f_inst_6719/Y    82.00    101.25         -19.25  (VIOLATED) 

   pad_out[27]                 82.00         101.21         -19.21  (VIOLATED) 
     PIN : ZINV_12_f_inst_6780/Y    82.00    101.21         -19.21  (VIOLATED) 

   pad_out[5]                  82.00         101.19         -19.19  (VIOLATED) 
     PIN : ZBUF_210_f_inst_6926/Y    82.00   101.19         -19.19  (VIOLATED) 

   net_pci_sys_read_data[18]    25.00         44.09         -19.09  (VIOLATED) 
     PIN : I_PCI_TOP/I_PCI_READ_FIFO_PCI_FIFO_RAM_5/O2[2]    25.00    44.09   -19.09 (VIOLATED)

   net_pci_sys_read_data[21]    25.00         43.52         -18.52  (VIOLATED) 
     PIN : I_PCI_TOP/I_PCI_READ_FIFO_PCI_FIFO_RAM_6/O2[1]    25.00    43.52   -18.52 (VIOLATED)

   I_CONTEXT_MEM/context_data[113]    25.00    42.88        -17.88  (VIOLATED) 
     PIN : I_CONTEXT_MEM/I_CONTEXT_RAM_0_3/O2[1]    25.00    42.88   -17.88 (VIOLATED)

   I_CONTEXT_MEM/context_data[115]    25.00    42.70        -17.70  (VIOLATED) 
     PIN : I_CONTEXT_MEM/I_CONTEXT_RAM_0_3/O2[3]    25.00    42.70   -17.70 (VIOLATED)

   I_CONTEXT_MEM/context_data[112]    25.00    42.27        -17.27  (VIOLATED) 
     PIN : I_CONTEXT_MEM/I_CONTEXT_RAM_0_3/O2[0]    25.00    42.27   -17.27 (VIOLATED)

   I_CONTEXT_MEM/context_data[118]    25.00    42.22        -17.22  (VIOLATED) 
     PIN : I_CONTEXT_MEM/I_CONTEXT_RAM_0_3/O2[6]    25.00    42.22   -17.22 (VIOLATED)

   I_CONTEXT_MEM/context_data[117]    25.00    42.05        -17.05  (VIOLATED) 
     PIN : I_CONTEXT_MEM/I_CONTEXT_RAM_0_3/O2[5]    25.00    42.05   -17.05 (VIOLATED)

   I_CONTEXT_MEM/context_data[114]    25.00    41.54        -16.54  (VIOLATED) 
     PIN : I_CONTEXT_MEM/I_CONTEXT_RAM_0_3/O2[2]    25.00    41.54   -16.54 (VIOLATED)

   I_CONTEXT_MEM/context_data[116]    25.00    41.54        -16.54  (VIOLATED) 
     PIN : I_CONTEXT_MEM/I_CONTEXT_RAM_0_3/O2[4]    25.00    41.54   -16.54 (VIOLATED)

   I_CONTEXT_MEM/context_data[119]    25.00    41.32        -16.32  (VIOLATED) 
     PIN : I_CONTEXT_MEM/I_CONTEXT_RAM_0_3/O2[7]    25.00    41.32   -16.32 (VIOLATED)

   net_pci_sys_read_data[4]    25.00          41.27         -16.27  (VIOLATED) 
     PIN : I_PCI_TOP/I_PCI_READ_FIFO_PCI_FIFO_RAM_2/O2[0]    25.00    41.27   -16.27 (VIOLATED)

   I_CONTEXT_MEM/context_data[53]    25.00    40.29         -15.29  (VIOLATED) 
     PIN : I_CONTEXT_MEM/I_CONTEXT_RAM_2_3/O2[5]    25.00    40.29   -15.29 (VIOLATED)

   I_CONTEXT_MEM/context_data[51]    25.00    39.98         -14.98  (VIOLATED) 
     PIN : I_CONTEXT_MEM/I_CONTEXT_RAM_2_3/O2[3]    25.00    39.98   -14.98 (VIOLATED)

   I_CONTEXT_MEM/context_data[54]    25.00    39.72         -14.72  (VIOLATED) 
     PIN : I_CONTEXT_MEM/I_CONTEXT_RAM_2_3/O2[6]    25.00    39.72   -14.72 (VIOLATED)

   I_CONTEXT_MEM/context_data[52]    25.00    39.61         -14.61  (VIOLATED) 
     PIN : I_CONTEXT_MEM/I_CONTEXT_RAM_2_3/O2[4]    25.00    39.61   -14.61 (VIOLATED)

   I_CONTEXT_MEM/context_data[50]    25.00    39.43         -14.43  (VIOLATED) 
     PIN : I_CONTEXT_MEM/I_CONTEXT_RAM_2_3/O2[2]    25.00    39.43   -14.43 (VIOLATED)

   I_CONTEXT_MEM/context_data[49]    25.00    39.37         -14.37  (VIOLATED) 
     PIN : I_CONTEXT_MEM/I_CONTEXT_RAM_2_3/O2[1]    25.00    39.37   -14.37 (VIOLATED)

   I_CONTEXT_MEM/context_data[48]    25.00    39.33         -14.33  (VIOLATED) 
     PIN : I_CONTEXT_MEM/I_CONTEXT_RAM_2_3/O2[0]    25.00    39.33   -14.33 (VIOLATED)

   I_CONTEXT_MEM/context_data[55]    25.00    39.24         -14.24  (VIOLATED) 
     PIN : I_CONTEXT_MEM/I_CONTEXT_RAM_2_3/O2[7]    25.00    39.24   -14.24 (VIOLATED)

   net_pci_sys_read_data[20]    25.00         38.73         -13.73  (VIOLATED) 
     PIN : I_PCI_TOP/I_PCI_READ_FIFO_PCI_FIFO_RAM_6/O2[0]    25.00    38.73   -13.73 (VIOLATED)

   I_CONTEXT_MEM/context_data[102]    25.00    38.30        -13.30  (VIOLATED) 
     PIN : I_CONTEXT_MEM/I_CONTEXT_RAM_0_1/O2[6]    25.00    38.30   -13.30 (VIOLATED)

   I_CONTEXT_MEM/context_data[96]    25.00    35.12         -10.12  (VIOLATED) 
     PIN : I_CONTEXT_MEM/I_CONTEXT_RAM_0_1/O2[0]    25.00    35.12   -10.12 (VIOLATED)

   I_CONTEXT_MEM/context_data[99]    25.00    34.99          -9.99  (VIOLATED) 
     PIN : I_CONTEXT_MEM/I_CONTEXT_RAM_0_1/O2[3]    25.00    34.99    -9.99 (VIOLATED)

   I_CONTEXT_MEM/context_data[97]    25.00    34.76          -9.76  (VIOLATED) 
     PIN : I_CONTEXT_MEM/I_CONTEXT_RAM_0_1/O2[1]    25.00    34.76    -9.76 (VIOLATED)

   I_CONTEXT_MEM/context_data[98]    25.00    34.25          -9.25  (VIOLATED) 
     PIN : I_CONTEXT_MEM/I_CONTEXT_RAM_0_1/O2[2]    25.00    34.25    -9.25 (VIOLATED)

   I_CONTEXT_MEM/context_data[101]    25.00    33.89         -8.89  (VIOLATED) 
     PIN : I_CONTEXT_MEM/I_CONTEXT_RAM_0_1/O2[5]    25.00    33.89    -8.89 (VIOLATED)

   I_CONTEXT_MEM/context_data[100]    25.00    32.02         -7.02  (VIOLATED) 
     PIN : I_CONTEXT_MEM/I_CONTEXT_RAM_0_1/O2[4]    25.00    32.02    -7.02 (VIOLATED)

   I_RISC_CORE/n168             8.00          12.86          -4.86  (VIOLATED) 
     PIN : I_RISC_CORE/I_STACK_TOP_I_STACK_FSM_TOS_int_reg_0_/QN     8.00    12.86    -4.86 (VIOLATED)

   I_CONTEXT_MEM/context_data[103]    25.00    28.82         -3.82  (VIOLATED) 
     PIN : I_CONTEXT_MEM/I_CONTEXT_RAM_0_1/O2[7]    25.00    28.82    -3.82 (VIOLATED)

   I_PCI_TOP/net_pci_write_data[16]    25.00    27.75        -2.75  (VIOLATED) 
     PIN : I_PCI_TOP/I_PCI_WRITE_FIFO_PCI_FIFO_RAM_5/O2[0]    25.00    27.75    -2.75 (VIOLATED)

   n389                        82.00          83.73          -1.73  (VIOLATED) 
     PIN : I_RISC_CORE/HFSINV_8856_f_1711/Y    82.00    83.73    -1.73 (VIOLATED)

   net_pci_sys_read_data[14]    25.00         26.56          -1.56  (VIOLATED) 
     PIN : I_PCI_TOP/I_PCI_READ_FIFO_PCI_FIFO_RAM_4/O2[2]    25.00    26.56    -1.56 (VIOLATED)

   net_pci_sys_read_data[12]    25.00         26.39          -1.39  (VIOLATED) 
     PIN : I_PCI_TOP/I_PCI_READ_FIFO_PCI_FIFO_RAM_4/O2[0]    25.00    26.39    -1.39 (VIOLATED)

   I_PCI_TOP/net_pci_write_data[17]    25.00    26.35        -1.35  (VIOLATED) 
     PIN : I_PCI_TOP/I_PCI_WRITE_FIFO_PCI_FIFO_RAM_5/O2[1]    25.00    26.35    -1.35 (VIOLATED)

   I_CONTEXT_MEM/context_data[35]    25.00    25.86          -0.86  (VIOLATED) 
     PIN : I_CONTEXT_MEM/I_CONTEXT_RAM_2_1/O2[3]    25.00    25.86    -0.86 (VIOLATED)

   net_pci_sys_read_data[8]    25.00          25.78          -0.78  (VIOLATED) 
     PIN : I_PCI_TOP/I_PCI_READ_FIFO_PCI_FIFO_RAM_3/O2[0]    25.00    25.78    -0.78 (VIOLATED)

   I_CONTEXT_MEM/context_data[37]    25.00    25.53          -0.53  (VIOLATED) 
     PIN : I_CONTEXT_MEM/I_CONTEXT_RAM_2_1/O2[5]    25.00    25.53    -0.53 (VIOLATED)

   I_CONTEXT_MEM/context_data[34]    25.00    25.46          -0.46  (VIOLATED) 
     PIN : I_CONTEXT_MEM/I_CONTEXT_RAM_2_1/O2[2]    25.00    25.46    -0.46 (VIOLATED)

   net_pci_sys_read_data[9]    25.00          25.43          -0.43  (VIOLATED) 
     PIN : I_PCI_TOP/I_PCI_READ_FIFO_PCI_FIFO_RAM_3/O2[1]    25.00    25.43    -0.43 (VIOLATED)

   net_sd_sys_read_data[27]    25.00          25.32          -0.32  (VIOLATED) 
     PIN : I_SDRAM_TOP/I_SDRAM_READ_FIFO_SD_FIFO_RAM_0/O2[27]    25.00    25.32    -0.32 (VIOLATED)

   net_sd_sys_read_data[29]    25.00          25.29          -0.29  (VIOLATED) 
     PIN : I_SDRAM_TOP/I_SDRAM_READ_FIFO_SD_FIFO_RAM_0/O2[29]    25.00    25.29    -0.29 (VIOLATED)

   I_PCI_TOP/net_pci_write_data[21]    25.00    25.27        -0.27  (VIOLATED) 
     PIN : I_PCI_TOP/I_PCI_WRITE_FIFO_PCI_FIFO_RAM_6/O2[1]    25.00    25.27    -0.27 (VIOLATED)

   I_CONTEXT_MEM/context_data[38]    25.00    25.26          -0.26  (VIOLATED) 
     PIN : I_CONTEXT_MEM/I_CONTEXT_RAM_2_1/O2[6]    25.00    25.26    -0.26 (VIOLATED)

   I_RISC_CORE/Oprnd_B[7]      16.00          16.11          -0.11  (VIOLATED) 
     PIN : I_RISC_CORE/I_DATA_PATH_Oprnd_B_reg_7_/Q    16.00    16.11    -0.11 (VIOLATED)

   net_sd_wfifo_data[30]       16.00          16.08          -0.08  (VIOLATED) 
     PIN : U421/Y              16.00          16.08          -0.08  (VIOLATED) 

   I_SDRAM_TOP/I_SDRAM_IF/mega_shift_0_31__13_     8.00     8.01    -0.01 (VIOLATED)
     PIN : I_SDRAM_TOP/I_SDRAM_IF/mega_shift_0_reg_31__13_/Q     8.00     8.01    -0.01 (VIOLATED)

   I_BLENDER_1/n3341            8.00           8.01          -0.01  (VIOLATED) 
     PIN : I_BLENDER_1/U3149/S     8.00        8.01          -0.01  (VIOLATED) 

  ---------------------------------------------------------------------------
   Number of max_capacitance violation(s): 88



  Mode: func
  Corner: Cmax
  Scenario: func_worst

  ---------------------------------------------------------------------------
   Number of min_pulse_width violation(s): 0
   Total number of violation(s): 91
1
