****************************************
Report : report_utilization
Design : ORCA_TOP
Version: V-2023.12
Date   : Sat May 30 12:42:57 2026
****************************************
Utilization Ratio:			0.6363
Utilization options:
 - Area calculation based on:		site_row of block ORCA_TOP
 - Categories of objects excluded:	hard_macros macro_keepouts soft_macros io_cells hard_blockages 
Total Area:				462795.7157
Total Capacity Area:			225708.8444
Total Area of cells:			143623.3821
Area of excluded objects:
 - hard_macros         :		237086.8713
 - macro_keepouts      :		0.0000
 - soft_macros         :		0.0000
 - io_cells            :		0.0000
 - hard_blockages      :		0.0000
Total Area of excluded objects:		237086.8713
Ratio of excluded objects:		0.5123

Utilization of site-rows with:
 - Site 'unit':				0.6363

0.6363
